// Jest Snapshot v1, https://goo.gl/fbAQLP

exports[`test render FormInput correctly 1`] = `
<TextInput
  allowFontScaling={true}
  rejectResponderTermination={true}
  underlineColorAndroid="transparent"
/>
`;
