// Jest Snapshot v1, https://goo.gl/fbAQLP

exports[`test render SignUp correctly 1`] = `
<View>
  <Text>
     User Sign Up 
  </Text>
</View>
`;
