// Jest Snapshot v1, https://goo.gl/fbAQLP

exports[`test render SignUpForm correctly 1`] = `
<View>
  <Text>
       
     
     : 
     
  </Text>
</View>
`;

exports[`test render Userdataitem correctly 1`] = `
<View>
  <Text>
       
     
     : 
     
  </Text>
</View>
`;
